ASxxxx Linker V03.00/V05.40 + sdld,  page 1.
Hexadecimal  [32-Bits]

Area                       Addr        Size        Decimal Bytes (Attributes)
--------------------       ----        ----        ------- ----- ------------
.  .ABS.               00000000    00000000 =           0. bytes (ABS,CON)

        Value  Global            Value  Global            Value  Global    
        -----  ------            -----  ------            -----  ------    
     00000000  .__.ABS.  |    00000000  _rRAMG    |    00000000  l__BASE  
     00000000  l__BSS    |    00000000  l__CABS   |    00000000  l__CODE_0
     00000000  l__DABS   |    00000000  l__FONT_H |    00000000  l__HEADER
     00000000  l__HEADER |    00000000  l__HEAP   |    00000000  l__HEAP_E
     00000000  l__HRAM   |    00000000  l__LIT    |    00000000  s__CABS  
     00000000  s__DABS   |    00000000  s__FONT_H |    00000000  s__FONT_H
     00000000  s__HEADER |    00000000  s__HEADER |    00000000  s__HEADER
     00000000  s__HEADER |    00000000  s__HEADER |    00000000  s__HEADER
     00000000  s__HEADER |    00000000  s__HEADER |    00000000  s__HEADER
     00000000  s__HEADER |    00000000  s__HEADER |    00000000  s__HEADER
     00000000  s__HEADER |    00000000  s__HEADER |    00000000  s__HEADER
     00000000  s__HEADER |    00000000  s__HEADER |    00000000  s__HEADER
     00000000  s__HEADER |    00000000  s__HEADER |    00000000  s__HEADER
     00000000  s__HRAM   |    00000000  s__HRAM12 |    00000001  l__GSFINA
     00000001  l__HEADER |    00000001  l__HEADER |    00000001  l__HEADER
     00000001  l__HEADER |    00000001  l__HEADER |    00000001  l__HEADER
     00000001  l__HEADER |    00000002  l__HEADER |    00000002  l__HEADER
     00000002  l__HEADER |    00000003  l__FONT_H |    00000003  l__HEADER
     00000003  l__HEADER |    00000003  l__HRAM12 |    00000005  l__HEADER
     00000006  l__HEADER |    00000007  l__HEADER |    00000008  l__HEADER
     0000000C  l__GSINIT |    0000000C  l__INITIA |    0000000C  l__INITIA
     00000030  l__HEADER |    00000042  l__DATA   |    0000005C  l__HEADER
     000000AF  l__HEADER |    00000200  s__CODE   |    0000089A  l__HOME  
     00002000  _rROMB0   |    000022FF  l__CODE   |    000024FF  s__HOME  
     00002D99  s__BASE   |    00002D99  s__CODE_0 |    00002D99  s__INITIA
     00002D99  s__LIT    |    00002DA5  s__GSINIT |    00002DB1  s__GSFINA
     00003000  _rROMB1   |    00004000  _rRAMB    |    00008000  __VRAM   
     00008000  __VRAM800 |    00008800  __VRAM880 |    00009000  __VRAM900
     00009800  __SCRN0   |    00009C00  __SCRN1   |    0000A000  __SRAM   
     0000C000  __RAM     |    0000C000  _shadow_O |    0000C0A0  s__DATA  
     0000C0E2  s__BSS    |    0000C0E2  s__INITIA |    0000C0EE  s__HEAP  
     0000C0EE  s__HEAP_E |    0000D000  __RAMBANK |    0000E000  .STACK   
     0000FE00  __OAMRAM  |    0000FF00  _P1_REG   |    0000FF00  __IO     
     0000FF01  _SB_REG   |    0000FF02  _SC_REG   |    0000FF04  _DIV_REG 
     0000FF05  _TIMA_REG |    0000FF06  _TMA_REG  |    0000FF07  _TAC_REG 
     0000FF0F  _IF_REG   |    0000FF10  _NR10_REG |    0000FF11  _NR11_REG
     0000FF12  _NR12_REG |    0000FF13  _NR13_REG |    0000FF14  _NR14_REG
     0000FF16  _NR21_REG |    0000FF17  _NR22_REG |    0000FF18  _NR23_REG
     0000FF19  _NR24_REG |    0000FF1A  _NR30_REG |    0000FF1B  _NR31_REG
     0000FF1C  _NR32_REG |    0000FF1D  _NR33_REG |    0000FF1E  _NR34_REG
     0000FF20  _NR41_REG |    0000FF21  _NR42_REG |    0000FF22  _NR43_REG
     0000FF23  _NR44_REG |    0000FF24  _NR50_REG |    0000FF25  _NR51_REG
     0000FF26  _NR52_REG |    0000FF30  _AUD3WAVE |    0000FF30  _PCM_SAMP
     0000FF30  __AUD3WAV |    0000FF40  _LCDC_REG |    0000FF41  _STAT_REG
     0000FF42  _SCY_REG  |    0000FF43  _SCX_REG  |    0000FF44  _LY_REG  
     0000FF45  _LYC_REG  |    0000FF46  _DMA_REG  |    0000FF47  _BGP_REG 
     0000FF48  _OBP0_REG |    0000FF49  _OBP1_REG |    0000FF4A  _WY_REG  
     0000FF4B  _WX_REG   |    0000FF4D  _KEY1_REG |    0000FF4F  _VBK_REG 
     0000FF51  _HDMA1_RE |    0000FF52  _HDMA2_RE |    0000FF53  _HDMA3_RE
     0000FF54  _HDMA4_RE |    0000FF55  _HDMA5_RE |    0000FF56  _RP_REG  
ASxxxx Linker V03.00/V05.40 + sdld,  page 2.
Hexadecimal  [32-Bits]

Area                       Addr        Size        Decimal Bytes (Attributes)
--------------------       ----        ----        ------- ----- ------------
.  .ABS.               00000000    00000000 =           0. bytes (ABS,CON)

        Value  Global            Value  Global            Value  Global    
        -----  ------            -----  ------            -----  ------    
     0000FF68  _BCPS_REG |    0000FF69  _BCPD_REG |    0000FF6A  _OCPS_REG
     0000FF6B  _OCPD_REG |    0000FF70  _SVBK_REG |    0000FF76  _PCM12_RE
     0000FF77  _PCM34_RE |    0000FF80  .refresh_ |    0000FF80  __HRAM   
     0000FFFF  _IE_REG  
ASxxxx Linker V03.00/V05.40 + sdld,  page 3.
Hexadecimal  [32-Bits]

Area                       Addr        Size        Decimal Bytes (Attributes)
--------------------       ----        ----        ------- ----- ------------
_CODE                  00000200    000022FF =        8959. bytes (REL,CON)

        Value  Global            Value  Global            Value  Global    
        -----  ------            -----  ------            -----  ------    
     00000200  G$SplashS |    00000200  _SplashSc |    00000E80  G$SplashS
     00000E80  _SplashSc |    00000FE8  A$main$10 |    00000FE8  C$Charact
     00000FE8  G$LoadSpr |    00000FE8  _LoadSpri |    00000FEA  A$main$10
     00000FEC  A$main$10 |    00000FED  A$main$10 |    00000FEE  A$main$10
     00000FEF  A$main$10 |    00000FEF  C$Charact |    00000FF0  A$main$10
     00000FF1  A$main$11 |    00000FF2  A$main$11 |    00000FF3  A$main$11
     00000FF4  A$main$11 |    00000FF7  A$main$11 |    00000FF8  A$main$11
     00000FF9  A$main$11 |    00000FFA  A$main$11 |    00000FFB  A$main$11
     00000FFC  A$main$12 |    00000FFC  C$Charact |    00000FFE  A$main$12
     00000FFF  A$main$12 |    00001000  A$main$12 |    00001001  A$main$12
     00001002  A$main$12 |    00001003  A$main$12 |    00001004  A$main$12
     00001005  A$main$13 |    00001006  A$main$13 |    00001007  A$main$13
     00001008  A$main$13 |    00001009  A$main$13 |    0000100A  A$main$13
     0000100B  A$main$13 |    0000100D  A$main$13 |    0000100E  A$main$13
     0000100F  A$main$13 |    00001010  A$main$14 |    00001013  A$main$14
     00001014  A$main$14 |    00001015  A$main$14 |    00001016  A$main$14
     00001018  A$main$14 |    00001019  A$main$14 |    0000101A  A$main$14
     0000101B  A$main$14 |    0000101D  A$main$14 |    0000101E  A$main$15
     0000101F  A$main$15 |    00001020  A$main$15 |    00001021  A$main$15
     00001022  A$main$15 |    00001023  A$main$15 |    00001024  A$main$15
     00001025  A$main$15 |    00001026  A$main$16 |    00001026  C$Charact
     00001029  A$main$16 |    0000102A  A$main$16 |    0000102B  A$main$16
     0000102D  A$main$16 |    0000102E  A$main$16 |    0000102F  A$main$16
     00001030  A$main$17 |    00001033  A$main$17 |    00001034  A$main$17
     00001035  A$main$17 |    00001036  A$main$17 |    00001038  A$main$17
     00001039  A$main$17 |    0000103A  A$main$17 |    0000103B  A$main$17
     0000103D  A$main$17 |    0000103E  A$main$18 |    00001040  A$main$18
     00001041  A$main$18 |    00001042  A$main$18 |    00001043  A$main$18
     00001046  A$main$18 |    00001047  A$main$18 |    00001048  A$main$18
     00001049  A$main$18 |    0000104B  A$main$18 |    0000104C  A$main$19
     0000104D  A$main$19 |    0000104E  A$main$19 |    00001050  A$main$19
     00001051  A$main$19 |    00001053  A$main$19 |    00001054  A$main$19
     00001055  A$main$19 |    00001056  A$main$19 |    00001059  A$main$19
     0000105A  A$main$20 |    0000105B  A$main$20 |    0000105C  A$main$20
     0000105E  A$main$20 |    0000105F  A$main$20 |    00001060  A$main$20
     00001061  A$main$20 |    00001063  A$main$20 |    00001064  A$main$20
     00001065  A$main$20 |    00001066  A$main$21 |    00001069  A$main$21
     0000106B  A$main$21 |    0000106C  A$main$21 |    0000106D  A$main$21
     0000106E  A$main$21 |    00001070  A$main$21 |    00001071  A$main$21
     00001072  A$main$21 |    00001073  A$main$21 |    00001076  A$main$22
     00001077  A$main$22 |    00001078  A$main$22 |    00001079  A$main$22
     0000107B  A$main$22 |    0000107C  A$main$22 |    0000107D  A$main$22
     0000107E  A$main$22 |    00001080  A$main$22 |    00001081  A$main$22
     00001083  A$main$23 |    00001085  A$main$23 |    00001087  A$main$23
     00001088  A$main$23 |    00001089  A$main$23 |    0000108A  A$main$23
     0000108B  A$main$23 |    0000108C  A$main$23 |    0000108E  A$main$23
     0000108F  A$main$24 |    00001090  A$main$24 |    00001093  A$main$24
     00001093  C$Charact |    00001095  A$main$24 |    00001097  A$main$25
     00001097  C$Charact |    00001098  A$main$25 |    00001099  A$main$25
     0000109A  A$main$25 |    0000109C  A$main$25 |    0000109D  A$main$25
ASxxxx Linker V03.00/V05.40 + sdld,  page 4.
Hexadecimal  [32-Bits]

Area                       Addr        Size        Decimal Bytes (Attributes)
--------------------       ----        ----        ------- ----- ------------
_CODE                  00000200    000022FF =        8959. bytes (REL,CON)

        Value  Global            Value  Global            Value  Global    
        -----  ------            -----  ------            -----  ------    
     0000109F  A$main$26 |    000010A0  A$main$26 |    000010A2  A$main$26
     000010A3  A$main$26 |    000010A6  A$main$26 |    000010A6  C$Charact
     000010A8  A$main$26 |    000010A9  A$main$26 |    000010AA  A$main$27
     000010AB  A$main$27 |    000010AC  A$main$27 |    000010AE  A$main$27
     000010AF  A$main$27 |    000010B0  A$main$27 |    000010B1  A$main$27
     000010B3  A$main$27 |    000010B4  A$main$27 |    000010B5  A$main$27
     000010B6  A$main$28 |    000010B8  A$main$28 |    000010B9  A$main$28
     000010BA  A$main$28 |    000010BC  A$main$28 |    000010BE  A$main$28
     000010BF  A$main$28 |    000010C0  A$main$29 |    000010C0  C$Charact
     000010C2  A$main$29 |    000010C3  A$main$29 |    000010C4  A$main$29
     000010C5  A$main$29 |    000010C6  A$main$29 |    000010C8  A$main$29
     000010C9  A$main$29 |    000010CA  A$main$30 |    000010CB  A$main$30
     000010CD  A$main$30 |    000010CF  A$main$30 |    000010D0  A$main$30
     000010D1  A$main$30 |    000010D2  A$main$30 |    000010D3  A$main$30
     000010D4  A$main$30 |    000010D6  A$main$30 |    000010D7  A$main$31
     000010D8  A$main$31 |    000010DA  A$main$31 |    000010DC  A$main$31
     000010DD  A$main$31 |    000010DE  A$main$32 |    000010DE  C$Charact
     000010E0  A$main$32 |    000010E1  A$main$32 |    000010E2  A$main$32
     000010E3  A$main$32 |    000010E4  A$main$32 |    000010E5  A$main$32
     000010E6  A$main$32 |    000010E7  A$main$32 |    000010E9  A$main$32
     000010EA  A$main$33 |    000010EB  A$main$33 |    000010EE  A$main$33
     000010EF  A$main$33 |    000010F0  A$main$33 |    000010F1  A$main$33
     000010F3  A$main$33 |    000010F4  A$main$33 |    000010F6  A$main$33
     000010F7  A$main$34 |    000010F8  A$main$34 |    000010FA  A$main$34
     000010FB  A$main$34 |    000010FC  A$main$34 |    000010FE  A$main$34
     000010FF  A$main$34 |    00001100  A$main$34 |    00001101  A$main$34
     00001103  A$main$35 |    00001104  A$main$35 |    00001106  A$main$35
     00001107  A$main$35 |    00001108  A$main$35 |    0000110A  A$main$35
     0000110B  A$main$35 |    0000110C  A$main$35 |    0000110E  A$main$35
     0000110F  A$main$36 |    00001111  A$main$36 |    00001112  A$main$36
     00001113  A$main$36 |    00001114  A$main$36 |    00001116  A$main$36
     00001117  A$main$36 |    00001119  A$main$36 |    0000111A  A$main$36
     0000111B  A$main$37 |    0000111D  A$main$37 |    0000111E  A$main$37
     0000111F  A$main$37 |    00001120  A$main$37 |    00001121  A$main$37
     00001122  A$main$37 |    00001124  A$main$37 |    00001125  A$main$38
     00001127  A$main$38 |    00001129  A$main$38 |    0000112B  A$main$38
     0000112D  A$main$38 |    0000112F  A$main$38 |    00001132  A$main$38
     00001133  A$main$38 |    00001134  A$main$38 |    00001135  A$main$38
     00001136  A$main$39 |    00001138  A$main$39 |    00001139  A$main$39
     0000113A  A$main$39 |    0000113B  A$main$39 |    0000113C  A$main$39
     0000113E  A$main$39 |    0000113F  A$main$39 |    00001140  A$main$39
     00001141  A$main$40 |    00001142  A$main$40 |    00001144  A$main$40
     00001145  A$main$40 |    00001147  A$main$40 |    00001148  A$main$40
     0000114A  A$main$40 |    0000114B  A$main$40 |    0000114C  A$main$40
     0000114D  A$main$40 |    0000114E  A$main$41 |    0000114F  A$main$41
     00001150  A$main$41 |    00001152  A$main$41 |    00001153  A$main$41
     00001156  A$main$41 |    00001157  A$main$41 |    00001158  A$main$41
     00001159  A$main$42 |    0000115B  A$main$42 |    0000115C  A$main$42
     0000115D  A$main$42 |    0000115E  A$main$42 |    0000115F  A$main$42
     00001160  A$main$42 |    00001161  A$main$42 |    00001163  A$main$42
     00001164  A$main$42 |    00001165  A$main$43 |    00001166  A$main$43
ASxxxx Linker V03.00/V05.40 + sdld,  page 5.
Hexadecimal  [32-Bits]

Area                       Addr        Size        Decimal Bytes (Attributes)
--------------------       ----        ----        ------- ----- ------------
_CODE                  00000200    000022FF =        8959. bytes (REL,CON)

        Value  Global            Value  Global            Value  Global    
        -----  ------            -----  ------            -----  ------    
     00001167  A$main$43 |    00001168  A$main$43 |    00001169  A$main$43
     0000116B  A$main$43 |    0000116C  A$main$43 |    0000116D  A$main$43
     0000116E  A$main$43 |    0000116F  A$main$43 |    00001170  A$main$44
     00001171  A$main$44 |    00001172  A$main$44 |    00001174  A$main$44
     00001175  A$main$44 |    00001176  A$main$44 |    00001177  A$main$44
     00001178  A$main$44 |    00001179  A$main$44 |    0000117A  A$main$45
     0000117B  A$main$45 |    0000117C  A$main$45 |    0000117D  A$main$45
     00001180  A$main$45 |    00001181  A$main$45 |    00001182  A$main$45
     00001183  A$main$46 |    00001183  C$Charact |    00001185  A$main$46
     00001186  A$main$46 |    00001189  A$main$46 |    00001189  C$Charact
     0000118B  A$main$47 |    0000118C  A$main$47 |    0000118F  A$main$47
     00001191  A$main$48 |    00001191  C$Charact |    00001191  XG$LoadSp
     00001192  A$main$49 |    00001192  C$Charact |    00001192  C$Charact
     00001192  G$Refresh |    00001192  _RefreshS |    00001195  A$main$49
     00001196  A$main$49 |    00001197  A$main$49 |    00001198  A$main$50
     00001198  C$Charact |    00001198  XG$Refres |    0000119B  A$main$51
     0000119B  C$Charact |    0000119B  G$LoadNex |    0000119B  _LoadNext
     0000119D  A$main$51 |    0000119F  A$main$51 |    000011A0  A$main$51
     000011A1  A$main$52 |    000011A1  C$Charact |    000011A2  A$main$52
     000011A3  A$main$52 |    000011A4  A$main$52 |    000011A5  A$main$52
     000011A6  A$main$52 |    000011A9  A$main$52 |    000011AA  A$main$52
     000011AB  A$main$53 |    000011AC  A$main$53 |    000011AD  A$main$53
     000011AE  A$main$53 |    000011B0  A$main$53 |    000011B1  A$main$53
     000011B2  A$main$53 |    000011B3  A$main$53 |    000011B4  A$main$53
     000011B6  A$main$53 |    000011B7  A$main$54 |    000011B8  A$main$54
     000011B9  A$main$54 |    000011BA  A$main$54 |    000011BB  A$main$54
     000011BC  A$main$54 |    000011BD  A$main$54 |    000011BE  A$main$54
     000011C0  A$main$54 |    000011C1  A$main$54 |    000011C3  A$main$55
     000011C4  A$main$55 |    000011C5  A$main$55 |    000011C6  A$main$55
     000011C9  A$main$55 |    000011CA  A$main$55 |    000011CB  A$main$55
     000011CC  A$main$56 |    000011CC  C$Charact |    000011CE  A$main$56
     000011CF  A$main$56 |    000011D0  A$main$56 |    000011D1  A$main$56
     000011D4  A$main$56 |    000011D6  A$main$57 |    000011D6  C$Charact
     000011D6  XG$LoadNe |    000011D7  A$main$58 |    000011D7  C$Charact
     000011D7  G$SetSpri |    000011D7  _SetSprit |    000011D8  A$main$58
     000011D8  C$Charact |    000011DB  A$main$58 |    000011DC  A$main$58
     000011DD  A$main$59 |    000011DD  C$Charact |    000011E0  A$main$59
     000011E1  A$main$59 |    000011E2  A$main$59 |    000011E3  A$main$59
     000011E5  A$main$59 |    000011E6  A$main$59 |    000011E7  A$main$60
     000011E7  C$Charact |    000011EA  A$main$60 |    000011EA  C$Charact
     000011EB  A$main$60 |    000011EC  A$main$60 |    000011ED  A$main$61
     000011ED  C$Charact |    000011ED  G$MoveCha |    000011ED  _MoveChar
     000011EF  A$main$62 |    000011F0  A$main$62 |    000011F1  A$main$62
     000011F3  A$main$62 |    000011F4  A$main$62 |    000011F4  C$Charact
     000011F7  A$main$62 |    000011F8  A$main$62 |    000011F9  A$main$63
     000011FA  A$main$63 |    000011FC  A$main$63 |    000011FD  A$main$63
     000011FE  A$main$63 |    000011FE  C$Charact |    00001201  A$main$63
     00001202  A$main$63 |    00001203  A$main$64 |    00001204  A$main$64
     00001206  A$main$64 |    00001207  A$main$64 |    00001208  A$main$64
     00001208  C$Charact |    00001209  A$main$64 |    0000120A  A$main$64
     0000120B  A$main$65 |    0000120C  A$main$65 |    0000120D  A$main$65
ASxxxx Linker V03.00/V05.40 + sdld,  page 6.
Hexadecimal  [32-Bits]

Area                       Addr        Size        Decimal Bytes (Attributes)
--------------------       ----        ----        ------- ----- ------------
_CODE                  00000200    000022FF =        8959. bytes (REL,CON)

        Value  Global            Value  Global            Value  Global    
        -----  ------            -----  ------            -----  ------    
     0000120E  A$main$65 |    00001211  A$main$65 |    00001212  A$main$65
     00001213  A$main$65 |    00001214  A$main$65 |    00001216  A$main$65
     00001217  A$main$65 |    00001218  A$main$66 |    00001219  A$main$66
     0000121B  A$main$66 |    0000121C  A$main$66 |    0000121E  A$main$66
     00001220  A$main$66 |    00001222  A$main$66 |    00001223  A$main$66
     00001224  A$main$66 |    00001225  A$main$67 |    00001226  A$main$67
     00001228  A$main$67 |    00001229  A$main$67 |    0000122A  A$main$67
     0000122B  A$main$67 |    0000122D  A$main$67 |    0000122D  C$Charact
     0000122F  A$main$68 |    00001231  A$main$68 |    00001232  A$main$68
     00001233  A$main$68 |    00001234  A$main$68 |    00001236  A$main$68
     00001237  A$main$68 |    00001239  A$main$68 |    0000123A  A$main$68
     0000123C  A$main$69 |    0000123D  A$main$69 |    0000123F  A$main$69
     0000123F  C$Charact |    00001240  A$main$69 |    00001242  A$main$69
     00001243  A$main$69 |    00001244  A$main$69 |    00001245  A$main$70
     00001246  A$main$70 |    00001248  A$main$70 |    00001249  A$main$70
     0000124A  A$main$70 |    0000124B  A$main$70 |    0000124C  A$main$70
     0000124F  A$main$70 |    00001250  A$main$70 |    00001251  A$main$70
     00001252  A$main$71 |    00001253  A$main$71 |    00001254  A$main$71
     00001256  A$main$71 |    00001257  A$main$71 |    00001258  A$main$71
     00001259  A$main$71 |    0000125A  A$main$71 |    0000125C  A$main$71
     0000125D  A$main$72 |    0000125E  A$main$72 |    0000125F  A$main$72
     00001261  A$main$72 |    00001262  A$main$72 |    00001263  A$main$72
     00001264  A$main$72 |    00001265  A$main$72 |    00001266  A$main$72
     00001267  A$main$73 |    00001268  A$main$73 |    0000126A  A$main$73
     0000126B  A$main$73 |    0000126D  A$main$73 |    0000126E  A$main$73
     0000126F  A$main$74 |    00001270  A$main$74 |    00001271  A$main$74
     00001274  A$main$74 |    00001275  A$main$74 |    00001276  A$main$74
     00001277  A$main$74 |    00001278  A$main$74 |    00001279  A$main$74
     0000127A  A$main$75 |    0000127C  A$main$75 |    0000127D  A$main$75
     0000127E  A$main$75 |    0000127E  C$Charact |    00001280  A$main$75
     00001281  A$main$75 |    00001283  A$main$76 |    00001283  C$Charact
     00001285  A$main$76 |    00001286  A$main$76 |    00001288  A$main$77
     00001288  C$Charact |    0000128A  A$main$77 |    0000128B  A$main$77
     0000128C  A$main$77 |    0000128D  A$main$78 |    0000128D  C$Charact
     0000128D  G$ScrollC |    0000128D  _ScrollCh |    0000128E  A$main$78
     0000128F  A$main$78 |    0000128F  C$Charact |    00001290  A$main$78
     00001291  A$main$79 |    00001294  A$main$79 |    00001295  A$main$79
     00001296  A$main$79 |    00001297  A$main$79 |    00001298  A$main$79
     00001299  A$main$79 |    0000129A  A$main$80 |    0000129A  C$Charact
     0000129B  A$main$80 |    0000129D  A$main$80 |    0000129E  A$main$80
     0000129F  A$main$80 |    000012A0  A$main$80 |    000012A3  A$main$80
     000012A4  A$main$80 |    000012A5  A$main$80 |    000012A6  A$main$80
     000012A7  A$main$81 |    000012A8  A$main$81 |    000012AA  A$main$81
     000012AB  A$main$81 |    000012AB  C$Charact |    000012AC  A$main$81
     000012AD  A$main$81 |    000012AE  A$main$81 |    000012AF  A$main$82
     000012B0  A$main$82 |    000012B1  A$main$82 |    000012B2  A$main$82
     000012B4  A$main$82 |    000012B5  A$main$82 |    000012B6  A$main$82
     000012B7  A$main$83 |    000012B7  C$Charact |    000012BA  A$main$83
     000012BB  A$main$83 |    000012BC  A$main$83 |    000012BD  A$main$83
     000012BE  A$main$84 |    000012BE  C$Charact |    000012BE  G$MoveCha
     000012BE  _MoveChar |    000012C0  A$main$84 |    000012C1  A$main$84
ASxxxx Linker V03.00/V05.40 + sdld,  page 7.
Hexadecimal  [32-Bits]

Area                       Addr        Size        Decimal Bytes (Attributes)
--------------------       ----        ----        ------- ----- ------------
_CODE                  00000200    000022FF =        8959. bytes (REL,CON)

        Value  Global            Value  Global            Value  Global    
        -----  ------            -----  ------            -----  ------    
     000012C2  A$main$85 |    000012C2  C$Charact |    000012C5  A$main$85
     000012C5  C$Charact |    000012C7  A$main$85 |    000012C9  A$main$85
     000012C9  C$Charact |    000012CA  A$main$86 |    000012CC  A$main$86
     000012CC  C$Charact |    000012CE  A$main$86 |    000012D0  A$main$86
     000012D0  C$Charact |    000012D2  A$main$87 |    000012D4  A$main$87
     000012D6  A$main$87 |    000012D6  C$Charact |    000012D8  A$main$87
     000012DA  A$main$88 |    000012DA  C$Charact |    000012DC  A$main$88
     000012DE  A$main$89 |    000012DE  C$Charact |    000012E0  A$main$89
     000012E2  A$main$89 |    000012E3  A$main$89 |    000012E5  A$main$89
     000012E5  C$Charact |    000012E8  A$main$89 |    000012E9  A$main$89
     000012EA  A$main$90 |    000012EB  A$main$90 |    000012ED  A$main$90
     000012EE  A$main$90 |    000012EF  A$main$90 |    000012F0  A$main$90
     000012F2  A$main$90 |    000012F3  A$main$91 |    000012F3  C$Charact
     000012F6  A$main$91 |    000012F7  A$main$91 |    000012F8  A$main$91
     000012F9  A$main$91 |    000012FB  A$main$91 |    000012FC  A$main$91
     000012FD  A$main$91 |    000012FE  A$main$91 |    00001300  A$main$91
     00001301  A$main$92 |    00001301  C$Charact |    00001302  A$main$92
     00001304  A$main$92 |    00001305  A$main$92 |    00001307  A$main$93
     00001307  C$Charact |    00001308  A$main$93 |    00001309  A$main$93
     0000130A  A$main$93 |    0000130B  A$main$93 |    0000130C  A$main$93
     0000130E  A$main$93 |    0000130E  C$Charact |    00001310  A$main$94
     00001311  A$main$94 |    00001312  A$main$94 |    00001313  A$main$94
     00001315  A$main$94 |    00001315  C$Charact |    00001317  A$main$94
     00001318  A$main$95 |    00001319  A$main$95 |    0000131A  A$main$95
     0000131B  A$main$95 |    0000131C  A$main$95 |    0000131E  A$main$95
     0000131F  A$main$95 |    00001321  A$main$95 |    00001322  A$main$95
     00001324  A$main$96 |    00001324  C$Charact |    00001325  A$main$96
     00001327  A$main$96 |    00001327  C$Charact |    00001329  A$main$96
     0000132A  A$main$96 |    0000132B  A$main$97 |    0000132C  A$main$97
     0000132D  A$main$97 |    0000132E  A$main$97 |    0000132F  A$main$97
     00001330  A$main$97 |    00001331  A$main$97 |    00001332  A$main$97
     00001333  A$main$97 |    00001334  A$main$97 |    00001335  A$main$98
     00001335  C$Charact |    00001338  A$main$98 |    00001339  A$main$98
     0000133A  A$main$98 |    0000133B  A$main$98 |    0000133D  A$main$98
     0000133E  A$main$99 |    0000133F  A$main$99 |    0000133F  C$Charact
     00001342  A$main$99 |    00001343  A$main$99 |    00001344  A$main$99
     00001345  A$main$99 |    00001347  A$main$99 |    00001348  A$main$10
     00001349  A$main$10 |    0000134B  A$main$10 |    0000134B  C$Charact
     0000134B  XG$MoveCh |    0000134C  A$main$10 |    0000134C  C$Charact
     0000134C  G$SetupCh |    0000134C  _SetupCha |    0000134D  A$main$10
     0000134F  A$main$10 |    00001350  A$main$10 |    00001350  C$Charact
     00001353  A$main$10 |    00001354  A$main$10 |    00001355  A$main$10
     00001356  A$main$10 |    00001358  A$main$10 |    00001359  A$main$10
     0000135A  A$main$10 |    0000135B  A$main$10 |    0000135C  A$main$10
     0000135D  A$main$10 |    0000135D  C$Charact |    0000135F  A$main$10
     00001360  A$main$10 |    00001361  A$main$10 |    00001361  C$Charact
     00001362  A$main$10 |    00001363  A$main$10 |    00001364  A$main$10
     00001366  A$main$10 |    00001366  C$Charact |    00001367  A$main$10
     00001368  A$main$10 |    00001369  A$main$10 |    0000136A  A$main$10
     0000136B  A$main$10 |    0000136C  A$main$10 |    0000136D  A$main$10
     0000136E  A$main$10 |    0000136E  C$Charact |    00001371  A$main$10
ASxxxx Linker V03.00/V05.40 + sdld,  page 8.
Hexadecimal  [32-Bits]

Area                       Addr        Size        Decimal Bytes (Attributes)
--------------------       ----        ----        ------- ----- ------------
_CODE                  00000200    000022FF =        8959. bytes (REL,CON)

        Value  Global            Value  Global            Value  Global    
        -----  ------            -----  ------            -----  ------    
     00001372  A$main$10 |    00001373  A$main$10 |    00001374  A$main$10
     00001376  A$main$10 |    00001376  C$Charact |    00001377  A$main$10
     00001378  A$main$10 |    00001379  A$main$10 |    0000137A  A$main$10
     0000137B  A$main$10 |    0000137C  A$main$10 |    0000137D  A$main$10
     0000137E  A$main$10 |    0000137F  A$main$10 |    0000137F  C$Charact
     00001382  A$main$10 |    00001383  A$main$10 |    00001385  A$main$10
     00001385  C$Charact |    00001388  A$main$10 |    00001389  A$main$10
     0000138B  A$main$10 |    0000138B  C$Charact |    0000138E  A$main$10
     0000138F  A$main$10 |    00001391  A$main$11 |    00001391  C$Charact
     00001392  A$main$11 |    00001395  A$main$11 |    00001395  C$Charact
     00001396  A$main$11 |    00001397  A$main$11 |    00001399  A$main$11
     0000139A  A$main$11 |    0000139A  C$main.c$ |    0000139A  C$main.c$
     0000139A  G$ShowTit |    0000139A  _ShowTitl |    0000139D  A$main$11
     0000139E  A$main$11 |    000013A1  A$main$11 |    000013A2  A$main$11
     000013A5  A$main$11 |    000013A7  A$main$11 |    000013A7  C$main.c$
     000013AA  A$main$11 |    000013AB  A$main$11 |    000013AE  A$main$11
     000013AF  A$main$11 |    000013B0  A$main$11 |    000013B1  A$main$11
     000013B2  A$main$11 |    000013B5  A$main$11 |    000013B7  A$main$11
     000013B7  C$main.c$ |    000013B7  XG$ShowTi |    000013B8  A$main$11
     000013B8  C$main.c$ |    000013B8  C$main.c$ |    000013B8  G$SetupBa
     000013B8  _SetupBac |    000013BB  A$main$11 |    000013BC  A$main$11
     000013BF  A$main$11 |    000013C0  A$main$11 |    000013C3  A$main$11
     000013C5  A$main$11 |    000013C5  C$main.c$ |    000013C8  A$main$11
     000013C9  A$main$11 |    000013CC  A$main$11 |    000013CD  A$main$11
     000013CE  A$main$11 |    000013CF  A$main$11 |    000013D0  A$main$11
     000013D3  A$main$11 |    000013D5  A$main$11 |    000013D5  C$main.c$
     000013D5  XG$SetupB |    000013D6  A$main$11 |    000013D6  C$main.c$
     000013D6  G$DetectC |    000013D6  _DetectCo |    000013D8  A$main$11
     000013D9  A$main$11 |    000013DA  A$main$12 |    000013DB  A$main$12
     000013DC  A$main$12 |    000013DD  A$main$12 |    000013DD  C$main.c$
     000013DE  A$main$12 |    000013E0  A$main$12 |    000013E1  A$main$12
     000013E3  A$main$12 |    000013E4  A$main$12 |    000013E4  C$main.c$
     000013E5  A$main$12 |    000013E7  A$main$12 |    000013E9  A$main$12
     000013E9  C$main.c$ |    000013EB  A$main$12 |    000013EC  A$main$12
     000013EC  C$main.c$ |    000013ED  A$main$12 |    000013EE  A$main$12
     000013F0  A$main$12 |    000013F0  C$main.c$ |    000013F1  A$main$12
     000013F3  A$main$12 |    000013F5  A$main$12 |    000013F5  C$main.c$
     000013F7  A$main$12 |    000013F8  A$main$12 |    000013F8  C$main.c$
     000013F9  A$main$12 |    000013FA  A$main$12 |    000013FA  C$main.c$
     000013FB  A$main$12 |    000013FC  A$main$12 |    000013FD  A$main$12
     000013FD  C$main.c$ |    000013FD  G$Movemen |    000013FD  _Movement
     000013FF  A$main$12 |    00001401  A$main$12 |    00001402  A$main$12
     00001403  A$main$12 |    00001403  C$main.c$ |    00001404  A$main$12
     00001405  A$main$12 |    00001406  A$main$12 |    00001407  A$main$12
     00001408  A$main$12 |    0000140B  A$main$12 |    0000140C  A$main$12
     0000140D  A$main$12 |    0000140E  A$main$12 |    00001410  A$main$12
     00001411  A$main$12 |    00001412  A$main$12 |    00001413  A$main$12
     00001415  A$main$12 |    00001416  A$main$12 |    00001417  A$main$12
     00001418  A$main$12 |    00001419  A$main$12 |    0000141A  A$main$12
     0000141C  A$main$12 |    0000141C  C$main.c$ |    0000141D  A$main$12
     0000141E  A$main$12 |    0000141F  A$main$12 |    00001420  A$main$12
ASxxxx Linker V03.00/V05.40 + sdld,  page 9.
Hexadecimal  [32-Bits]

Area                       Addr        Size        Decimal Bytes (Attributes)
--------------------       ----        ----        ------- ----- ------------
_CODE                  00000200    000022FF =        8959. bytes (REL,CON)

        Value  Global            Value  Global            Value  Global    
        -----  ------            -----  ------            -----  ------    
     00001423  A$main$12 |    00001424  A$main$13 |    00001425  A$main$13
     00001426  A$main$13 |    00001427  A$main$13 |    00001427  C$main.c$
     00001429  A$main$13 |    0000142A  A$main$13 |    0000142B  A$main$13
     0000142D  A$main$13 |    0000142D  C$main.c$ |    0000142E  A$main$13
     0000142F  A$main$13 |    00001430  A$main$13 |    00001431  A$main$13
     00001432  A$main$13 |    00001433  A$main$13 |    00001434  A$main$13
     00001435  A$main$13 |    00001435  C$main.c$ |    00001438  A$main$13
     0000143A  A$main$13 |    0000143C  A$main$13 |    0000143C  C$main.c$
     0000143E  A$main$13 |    0000143F  A$main$13 |    00001440  A$main$13
     00001441  A$main$13 |    00001444  A$main$13 |    00001445  A$main$13
     00001446  A$main$13 |    00001447  A$main$13 |    00001448  A$main$13
     0000144A  A$main$13 |    0000144C  A$main$13 |    0000144C  C$main.c$
     0000144F  A$main$13 |    00001450  A$main$13 |    00001452  A$main$13
     00001453  A$main$13 |    00001456  A$main$13 |    00001459  A$main$13
     0000145C  A$main$13 |    0000145D  A$main$13 |    0000145D  C$main.c$
     0000145E  A$main$13 |    00001460  A$main$13 |    00001462  A$main$13
     00001462  C$main.c$ |    00001463  A$main$13 |    00001465  A$main$13
     00001466  A$main$13 |    00001468  A$main$13 |    00001468  C$main.c$
     0000146B  A$main$13 |    0000146D  A$main$13 |    0000146F  A$main$13
     0000146F  C$main.c$ |    00001470  A$main$13 |    00001472  A$main$13
     00001473  A$main$13 |    00001475  A$main$13 |    00001475  C$main.c$
     00001478  A$main$13 |    0000147A  A$main$13 |    0000147C  A$main$13
     0000147C  C$main.c$ |    0000147D  A$main$13 |    0000147F  A$main$13
     00001480  A$main$13 |    00001482  A$main$13 |    00001482  C$main.c$
     00001485  A$main$13 |    00001487  A$main$14 |    00001489  A$main$14
     00001489  C$main.c$ |    0000148A  A$main$14 |    0000148C  A$main$14
     0000148D  A$main$14 |    0000148F  A$main$14 |    0000148F  C$main.c$
     00001490  A$main$14 |    00001492  A$main$14 |    00001493  A$main$14
     00001493  C$main.c$ |    00001494  A$main$14 |    00001495  A$main$14
     00001496  A$main$14 |    00001497  A$main$14 |    00001499  A$main$14
     0000149B  A$main$14 |    0000149D  A$main$14 |    0000149F  A$main$14
     0000149F  C$main.c$ |    000014A0  A$main$14 |    000014A2  A$main$14
     000014A3  A$main$14 |    000014A3  C$main.c$ |    000014A4  A$main$14
     000014A5  A$main$14 |    000014A6  A$main$14 |    000014A6  C$main.c$
     000014A7  A$main$14 |    000014A8  A$main$14 |    000014AA  A$main$14
     000014AB  A$main$14 |    000014AD  A$main$14 |    000014AE  A$main$14
     000014AF  A$main$14 |    000014B1  A$main$14 |    000014B3  A$main$14
     000014B5  A$main$14 |    000014B7  A$main$14 |    000014B8  A$main$14
     000014BA  A$main$14 |    000014BC  A$main$14 |    000014BE  A$main$14
     000014BF  A$main$14 |    000014C1  A$main$14 |    000014C1  C$main.c$
     000014C2  A$main$14 |    000014C4  A$main$14 |    000014C5  A$main$14
     000014C5  C$main.c$ |    000014C7  A$main$14 |    000014C8  A$main$14
     000014C9  A$main$14 |    000014CA  A$main$14 |    000014CD  A$main$14
     000014CE  A$main$14 |    000014CF  A$main$14 |    000014D0  A$main$14
     000014D1  A$main$14 |    000014D3  A$main$14 |    000014D4  A$main$14
     000014D5  A$main$14 |    000014D6  A$main$14 |    000014D7  A$main$14
     000014D8  A$main$14 |    000014D9  A$main$14 |    000014DA  A$main$14
     000014DB  A$main$14 |    000014DC  A$main$14 |    000014DD  A$main$14
     000014DE  A$main$14 |    000014DF  A$main$14 |    000014E0  A$main$14
     000014E1  A$main$14 |    000014E2  A$main$15 |    000014E2  C$main.c$
     000014E4  A$main$15 |    000014E5  A$main$15 |    000014E6  A$main$15
ASxxxx Linker V03.00/V05.40 + sdld,  page 10.
Hexadecimal  [32-Bits]

Area                       Addr        Size        Decimal Bytes (Attributes)
--------------------       ----        ----        ------- ----- ------------
_CODE                  00000200    000022FF =        8959. bytes (REL,CON)

        Value  Global            Value  Global            Value  Global    
        -----  ------            -----  ------            -----  ------    
     000014E8  A$main$15 |    000014E9  A$main$15 |    000014EA  A$main$15
     000014EB  A$main$15 |    000014EE  A$main$15 |    000014EF  A$main$15
     000014F0  A$main$15 |    000014F1  A$main$15 |    000014F2  A$main$15
     000014F3  A$main$15 |    000014F4  A$main$15 |    000014F5  A$main$15
     000014F7  A$main$15 |    000014F8  A$main$15 |    000014F9  A$main$15
     000014FA  A$main$15 |    000014FD  A$main$15 |    000014FE  A$main$15
     000014FE  C$main.c$ |    000014FF  A$main$15 |    00001500  A$main$15
     00001502  A$main$15 |    00001503  A$main$15 |    00001504  A$main$15
     00001505  A$main$15 |    00001506  A$main$15 |    00001507  A$main$15
     00001508  A$main$15 |    00001509  A$main$15 |    0000150A  A$main$15
     0000150D  A$main$15 |    0000150D  C$main.c$ |    0000150F  A$main$15
     00001510  A$main$15 |    00001511  A$main$15 |    00001512  A$main$15
     00001513  A$main$15 |    00001516  A$main$15 |    00001518  A$main$15
     00001518  C$main.c$ |    00001518  XG$Moveme |    00001519  A$main$15
     00001519  C$main.c$ |    00001519  G$Hit$0$0 |    00001519  _Hit     
     0000151B  A$main$15 |    0000151C  A$main$15 |    0000151E  A$main$15
     0000151F  A$main$15 |    0000151F  C$main.c$ |    00001521  A$main$15
     00001522  A$main$15 |    00001524  A$main$15 |    00001525  A$main$15
     00001527  A$main$15 |    00001528  A$main$15 |    00001529  A$main$15
     0000152C  A$main$15 |    0000152D  A$main$15 |    0000152E  A$main$15
     0000152F  A$main$15 |    00001531  A$main$15 |    00001532  A$main$15
     00001533  A$main$15 |    00001534  A$main$15 |    00001536  A$main$15
     00001537  A$main$15 |    00001539  A$main$15 |    0000153A  A$main$15
     0000153B  A$main$15 |    0000153C  A$main$15 |    0000153D  A$main$15
     0000153E  A$main$15 |    0000153F  A$main$15 |    00001540  A$main$15
     00001541  A$main$15 |    00001543  A$main$15 |    00001545  A$main$15
     00001547  A$main$15 |    00001549  A$main$16 |    0000154A  A$main$16
     0000154C  A$main$16 |    0000154E  A$main$16 |    00001550  A$main$16
     00001551  A$main$16 |    00001553  A$main$16 |    00001556  A$main$16
     00001557  A$main$16 |    00001558  A$main$16 |    00001559  A$main$16
     0000155B  A$main$16 |    0000155C  A$main$16 |    0000155D  A$main$16
     0000155E  A$main$16 |    0000155F  A$main$16 |    00001560  A$main$16
     00001561  A$main$16 |    00001562  A$main$16 |    00001564  A$main$16
     00001566  A$main$16 |    00001568  A$main$16 |    0000156A  A$main$16
     0000156B  A$main$16 |    0000156D  A$main$16 |    0000156F  A$main$16
     00001571  A$main$16 |    00001572  A$main$16 |    00001574  A$main$16
     00001576  A$main$16 |    00001577  A$main$16 |    00001579  A$main$16
     0000157A  A$main$16 |    0000157C  A$main$16 |    0000157D  A$main$16
     0000157E  A$main$16 |    00001581  A$main$16 |    00001582  A$main$16
     00001583  A$main$16 |    00001584  A$main$16 |    00001586  A$main$16
     00001587  A$main$16 |    00001588  A$main$16 |    00001589  A$main$16
     0000158B  A$main$16 |    0000158C  A$main$16 |    0000158D  A$main$16
     0000158E  A$main$16 |    0000158F  A$main$16 |    00001591  A$main$16
     00001592  A$main$16 |    00001593  A$main$16 |    00001594  A$main$16
     00001595  A$main$16 |    00001596  A$main$16 |    00001597  A$main$16
     00001598  A$main$16 |    00001599  A$main$16 |    0000159B  A$main$16
     0000159D  A$main$16 |    0000159F  A$main$16 |    000015A1  A$main$16
     000015A2  A$main$16 |    000015A4  A$main$16 |    000015A6  A$main$16
     000015A8  A$main$16 |    000015A9  A$main$16 |    000015AB  A$main$16
     000015AE  A$main$16 |    000015AF  A$main$16 |    000015B0  A$main$16
     000015B1  A$main$16 |    000015B3  A$main$16 |    000015B4  A$main$16
ASxxxx Linker V03.00/V05.40 + sdld,  page 11.
Hexadecimal  [32-Bits]

Area                       Addr        Size        Decimal Bytes (Attributes)
--------------------       ----        ----        ------- ----- ------------
_CODE                  00000200    000022FF =        8959. bytes (REL,CON)

        Value  Global            Value  Global            Value  Global    
        -----  ------            -----  ------            -----  ------    
     000015B5  A$main$16 |    000015B6  A$main$16 |    000015B7  A$main$16
     000015B8  A$main$16 |    000015B9  A$main$16 |    000015BA  A$main$16
     000015BC  A$main$16 |    000015BE  A$main$16 |    000015C0  A$main$16
     000015C2  A$main$16 |    000015C3  A$main$16 |    000015C5  A$main$16
     000015C7  A$main$16 |    000015C9  A$main$16 |    000015CA  A$main$16
     000015CC  A$main$16 |    000015CD  A$main$16 |    000015CF  A$main$17
     000015D1  A$main$17 |    000015D1  C$main.c$ |    000015D3  A$main$17
     000015D4  A$main$17 |    000015D5  A$main$17 |    000015D6  A$main$17
     000015D6  C$main.c$ |    000015D6  G$SetupBl |    000015D6  _SetupBlo
     000015D7  A$main$17 |    000015D8  A$main$17 |    000015D8  C$main.c$
     000015DB  A$main$17 |    000015DC  A$main$17 |    000015DF  A$main$17
     000015E0  A$main$17 |    000015E3  A$main$17 |    000015E5  A$main$17
     000015E5  C$main.c$ |    000015E7  A$main$17 |    000015E8  A$main$17
     000015EA  A$main$17 |    000015ED  A$main$17 |    000015EE  A$main$17
     000015EF  A$main$17 |    000015F0  A$main$17 |    000015F1  A$main$17
     000015F2  A$main$17 |    000015F3  A$main$17 |    000015F4  A$main$17
     000015F5  A$main$17 |    000015F6  A$main$17 |    000015F8  A$main$17
     000015F9  A$main$17 |    000015FA  A$main$17 |    000015FC  A$main$17
     000015FD  A$main$17 |    000015FE  A$main$17 |    00001600  A$main$17
     00001601  A$main$17 |    00001602  A$main$17 |    00001603  A$main$17
     00001604  A$main$17 |    00001606  A$main$17 |    00001607  A$main$17
     00001609  A$main$17 |    0000160B  A$main$17 |    0000160C  A$main$17
     0000160D  A$main$17 |    0000160F  A$main$17 |    00001610  A$main$17
     00001611  A$main$17 |    00001613  A$main$17 |    00001614  A$main$17
     00001615  A$main$17 |    00001617  A$main$17 |    00001618  A$main$17
     00001619  A$main$17 |    0000161A  A$main$17 |    0000161B  A$main$17
     0000161D  A$main$17 |    0000161E  A$main$17 |    00001620  A$main$17
     00001622  A$main$18 |    00001623  A$main$18 |    00001624  A$main$18
     00001625  A$main$18 |    00001627  A$main$18 |    00001628  A$main$18
     00001629  A$main$18 |    0000162A  A$main$18 |    0000162D  A$main$18
     0000162E  A$main$18 |    0000162F  A$main$18 |    00001630  A$main$18
     00001631  A$main$18 |    00001633  A$main$18 |    00001634  A$main$18
     00001636  A$main$18 |    00001637  A$main$18 |    00001638  A$main$18
     00001639  A$main$18 |    0000163B  A$main$18 |    0000163C  A$main$18
     0000163D  A$main$18 |    0000163E  A$main$18 |    00001641  A$main$18
     00001642  A$main$18 |    00001643  A$main$18 |    00001644  A$main$18
     00001645  A$main$18 |    00001647  A$main$18 |    00001648  A$main$18
     0000164A  A$main$18 |    0000164B  A$main$18 |    0000164C  A$main$18
     0000164F  A$main$18 |    00001650  A$main$18 |    00001652  A$main$18
     00001653  A$main$18 |    00001655  A$main$18 |    00001657  A$main$18
     00001658  A$main$18 |    0000165A  A$main$18 |    0000165B  A$main$18
     0000165C  A$main$18 |    0000165F  A$main$18 |    00001660  A$main$18
     00001662  A$main$18 |    00001663  A$main$18 |    00001665  A$main$18
     00001667  A$main$18 |    00001668  A$main$18 |    0000166A  A$main$18
     0000166B  A$main$18 |    0000166C  A$main$18 |    0000166F  A$main$18
     00001670  A$main$18 |    00001672  A$main$18 |    00001673  A$main$18
     00001675  A$main$18 |    00001676  A$main$18 |    00001678  A$main$18
     00001679  A$main$18 |    0000167A  A$main$18 |    0000167D  A$main$19
     0000167E  A$main$19 |    00001680  A$main$19 |    00001681  A$main$19
     00001683  A$main$19 |    00001683  C$main.c$ |    00001684  A$main$19
     00001687  A$main$19 |    00001688  A$main$19 |    00001689  A$main$19
ASxxxx Linker V03.00/V05.40 + sdld,  page 12.
Hexadecimal  [32-Bits]

Area                       Addr        Size        Decimal Bytes (Attributes)
--------------------       ----        ----        ------- ----- ------------
_CODE                  00000200    000022FF =        8959. bytes (REL,CON)

        Value  Global            Value  Global            Value  Global    
        -----  ------            -----  ------            -----  ------    
     00001689  C$main.c$ |    00001689  XG$SetupB |    0000168A  A$main$19
     0000168A  C$main.c$ |    0000168A  G$main$0$ |    0000168A  _main    
     0000168B  A$main$19 |    0000168B  C$main.c$ |    0000168E  A$main$19
     0000168E  C$main.c$ |    00001691  A$main$19 |    00001692  A$main$19
     00001695  A$main$19 |    00001696  A$main$19 |    00001699  A$main$19
     0000169B  A$main$19 |    0000169B  C$main.c$ |    0000169E  A$main$19
     0000169F  A$main$19 |    000016A1  A$main$19 |    000016A2  A$main$19
     000016A3  A$main$19 |    000016A4  A$main$19 |    000016A5  A$main$19
     000016A7  A$main$19 |    000016A8  A$main$19 |    000016AA  A$main$19
     000016AB  A$main$19 |    000016AC  A$main$19 |    000016AD  A$main$19
     000016B0  A$main$19 |    000016B3  A$main$19 |    000016B3  C$main.c$
     000016B5  A$main$19 |    000016B6  A$main$19 |    000016B7  A$main$19
     000016B9  A$main$19 |    000016BC  A$main$19 |    000016BF  A$main$19
     000016BF  C$main.c$ |    000016C2  A$main$19 |    000016C2  C$main.c$
     000016C4  A$main$19 |    000016C6  A$main$19 |    000016C8  A$main$19
     000016C8  C$main.c$ |    000016CA  A$main$19 |    000016CC  A$main$19
     000016CE  A$main$19 |    000016CE  C$main.c$ |    000016D0  A$main$19
     000016D2  A$main$19 |    000016D4  A$main$19 |    000016D4  C$main.c$
     000016D6  A$main$19 |    000016D8  A$main$20 |    000016D8  C$main.c$
     000016DA  A$main$20 |    000016DB  A$main$20 |    000016DC  A$main$20
     000016DE  A$main$20 |    000016DE  C$main.c$ |    000016E1  A$main$20
     000016E3  A$main$20 |    000016E5  A$main$20 |    000016E7  A$main$20
     000016E9  A$main$20 |    000016EB  A$main$20 |    000016EE  A$main$20
     000016EE  C$main.c$ |    000016F1  A$main$20 |    000016F4  A$main$20
     000016F4  C$main.c$ |    000016F6  A$main$20 |    000016F9  A$main$20
     000016FC  A$main$20 |    000016FC  C$main.c$ |    000016FF  A$main$20
     00001702  A$main$20 |    00001704  A$main$20 |    00001705  A$main$20
     00001707  A$main$20 |    00001707  C$main.c$ |    0000170A  A$main$20
     0000170B  A$main$20 |    0000170E  A$main$20 |    0000170F  A$main$20
     00001710  A$main$20 |    00001711  A$main$20 |    00001712  A$main$20
     00001713  A$main$20 |    00001714  A$main$20 |    00001717  A$main$20
     00001718  A$main$20 |    0000171A  A$main$20 |    0000171A  C$main.c$
     0000171C  A$main$20 |    0000171E  A$main$20 |    0000171E  C$main.c$
     00001721  A$main$20 |    00001723  A$main$20 |    00001723  C$main.c$
     00001726  A$main$20 |    00001727  A$main$20 |    0000172A  A$main$20
     0000172B  A$main$20 |    0000172C  A$main$20 |    0000172C  C$main.c$
     0000172C  XG$main$0 |    0000172D  Fmain$__s |    00001736  G$blocksp
     00001736  _blockspr |    00001776  G$BirdSpr |    00001776  _BirdSpri
     000019D6  G$BirdSpr |    000019D6  _BirdSpri |    000019F6  G$BackGro
     000019F6  _BackGrou |    00001D46  G$BackGro |    00001D46  _BackGrou
     00002016  __mulsuch |    00002019  __mulusch |    00002022  __mulscha
     0000202A  __mulint  |    00002049  __mulucha |    0000205B  _printf  
     00002070  __divsuch |    00002076  __modsuch |    0000207F  __divusch
     00002088  __modusch |    00002095  __divscha |    0000209A  __modscha
     000020A1  __divsint |    000020AA  __modsint |    000020B6  __divucha
     000020BB  __moducha |    000020C2  __divuint |    000020CB  __moduint
     000020D7  .div8     |    000020D7  .mod8     |    000020DF  .div16   
     000020DF  .mod16    |    00002115  .divu8    |    00002115  .modu8   
     00002118  .divu16   |    00002118  .modu16   |    0000218F  ___printf
     000024DE  _sprintf 
ASxxxx Linker V03.00/V05.40 + sdld,  page 13.
Hexadecimal  [32-Bits]

Area                       Addr        Size        Decimal Bytes (Attributes)
--------------------       ----        ----        ------- ----- ------------
_HEADER0               00000000    00000001 =           1. bytes (ABS,CON)

        Value  Global            Value  Global            Value  Global    
        -----  ------            -----  ------            -----  ------    
     00000020  .call_hl 
ASxxxx Linker V03.00/V05.40 + sdld,  page 14.
Hexadecimal  [32-Bits]

Area                       Addr        Size        Decimal Bytes (Attributes)
--------------------       ----        ----        ------- ----- ------------
_HEADER1               00000000    00000005 =           5. bytes (ABS,CON)

        Value  Global            Value  Global            Value  Global    
        -----  ------            -----  ------            -----  ------    
     00000028  .MemsetSm
ASxxxx Linker V03.00/V05.40 + sdld,  page 15.
Hexadecimal  [32-Bits]

Area                       Addr        Size        Decimal Bytes (Attributes)
--------------------       ----        ----        ------- ----- ------------
_HEADER2               00000000    00000007 =           7. bytes (ABS,CON)

        Value  Global            Value  Global            Value  Global    
        -----  ------            -----  ------            -----  ------    
     00000030  .MemcpySm
ASxxxx Linker V03.00/V05.40 + sdld,  page 16.
Hexadecimal  [32-Bits]

Area                       Addr        Size        Decimal Bytes (Attributes)
--------------------       ----        ----        ------- ----- ------------
_HEADER3               00000000    00000008 =           8. bytes (ABS,CON)

        Value  Global            Value  Global            Value  Global    
        -----  ------            -----  ------            -----  ------    
ASxxxx Linker V03.00/V05.40 + sdld,  page 17.
Hexadecimal  [32-Bits]

Area                       Addr        Size        Decimal Bytes (Attributes)
--------------------       ----        ----        ------- ----- ------------
_HEADER4               00000000    0000005C =          92. bytes (ABS,CON)

        Value  Global            Value  Global            Value  Global    
        -----  ------            -----  ------            -----  ------    
     00000080  .int      |    0000008F  _wait_int |    0000009C  __standar
     000000AB  _refresh_ |    000000CC  .wait_vbl |    000000CC  _vsync   
     000000CC  _wait_vbl
ASxxxx Linker V03.00/V05.40 + sdld,  page 18.
Hexadecimal  [32-Bits]

Area                       Addr        Size        Decimal Bytes (Attributes)
--------------------       ----        ----        ------- ----- ------------
_HEADER5               00000000    00000001 =           1. bytes (ABS,CON)

        Value  Global            Value  Global            Value  Global    
        -----  ------            -----  ------            -----  ------    
ASxxxx Linker V03.00/V05.40 + sdld,  page 19.
Hexadecimal  [32-Bits]

Area                       Addr        Size        Decimal Bytes (Attributes)
--------------------       ----        ----        ------- ----- ------------
_HEADER6               00000000    00000002 =           2. bytes (ABS,CON)

        Value  Global            Value  Global            Value  Global    
        -----  ------            -----  ------            -----  ------    
ASxxxx Linker V03.00/V05.40 + sdld,  page 20.
Hexadecimal  [32-Bits]

Area                       Addr        Size        Decimal Bytes (Attributes)
--------------------       ----        ----        ------- ----- ------------
_HEADER7               00000000    00000030 =          48. bytes (ABS,CON)

        Value  Global            Value  Global            Value  Global    
        -----  ------            -----  ------            -----  ------    
ASxxxx Linker V03.00/V05.40 + sdld,  page 21.
Hexadecimal  [32-Bits]

Area                       Addr        Size        Decimal Bytes (Attributes)
--------------------       ----        ----        ------- ----- ------------
_HEADER8               00000000    00000006 =           6. bytes (ABS,CON)

        Value  Global            Value  Global            Value  Global    
        -----  ------            -----  ------            -----  ------    
ASxxxx Linker V03.00/V05.40 + sdld,  page 22.
Hexadecimal  [32-Bits]

Area                       Addr        Size        Decimal Bytes (Attributes)
--------------------       ----        ----        ------- ----- ------------
_HEADER9               00000000    00000003 =           3. bytes (ABS,CON)

        Value  Global            Value  Global            Value  Global    
        -----  ------            -----  ------            -----  ------    
ASxxxx Linker V03.00/V05.40 + sdld,  page 23.
Hexadecimal  [32-Bits]

Area                       Addr        Size        Decimal Bytes (Attributes)
--------------------       ----        ----        ------- ----- ------------
_HEADERa               00000000    00000001 =           1. bytes (ABS,CON)

        Value  Global            Value  Global            Value  Global    
        -----  ------            -----  ------            -----  ------    
ASxxxx Linker V03.00/V05.40 + sdld,  page 24.
Hexadecimal  [32-Bits]

Area                       Addr        Size        Decimal Bytes (Attributes)
--------------------       ----        ----        ------- ----- ------------
_HEADERb               00000000    00000001 =           1. bytes (ABS,CON)

        Value  Global            Value  Global            Value  Global    
        -----  ------            -----  ------            -----  ------    
ASxxxx Linker V03.00/V05.40 + sdld,  page 25.
Hexadecimal  [32-Bits]

Area                       Addr        Size        Decimal Bytes (Attributes)
--------------------       ----        ----        ------- ----- ------------
_HEADERc               00000000    00000001 =           1. bytes (ABS,CON)

        Value  Global            Value  Global            Value  Global    
        -----  ------            -----  ------            -----  ------    
ASxxxx Linker V03.00/V05.40 + sdld,  page 26.
Hexadecimal  [32-Bits]

Area                       Addr        Size        Decimal Bytes (Attributes)
--------------------       ----        ----        ------- ----- ------------
_HEADERd               00000000    00000002 =           2. bytes (ABS,CON)

        Value  Global            Value  Global            Value  Global    
        -----  ------            -----  ------            -----  ------    
ASxxxx Linker V03.00/V05.40 + sdld,  page 27.
Hexadecimal  [32-Bits]

Area                       Addr        Size        Decimal Bytes (Attributes)
--------------------       ----        ----        ------- ----- ------------
_HEADERe               00000000    00000001 =           1. bytes (ABS,CON)

        Value  Global            Value  Global            Value  Global    
        -----  ------            -----  ------            -----  ------    
ASxxxx Linker V03.00/V05.40 + sdld,  page 28.
Hexadecimal  [32-Bits]

Area                       Addr        Size        Decimal Bytes (Attributes)
--------------------       ----        ----        ------- ----- ------------
_HEADERf               00000000    00000001 =           1. bytes (ABS,CON)

        Value  Global            Value  Global            Value  Global    
        -----  ------            -----  ------            -----  ------    
ASxxxx Linker V03.00/V05.40 + sdld,  page 29.
Hexadecimal  [32-Bits]

Area                       Addr        Size        Decimal Bytes (Attributes)
--------------------       ----        ----        ------- ----- ------------
_HEADER10              00000000    00000002 =           2. bytes (ABS,CON)

        Value  Global            Value  Global            Value  Global    
        -----  ------            -----  ------            -----  ------    
ASxxxx Linker V03.00/V05.40 + sdld,  page 30.
Hexadecimal  [32-Bits]

Area                       Addr        Size        Decimal Bytes (Attributes)
--------------------       ----        ----        ------- ----- ------------
_HEADER11              00000000    000000AF =         175. bytes (ABS,CON)

        Value  Global            Value  Global            Value  Global    
        -----  ------            -----  ------            -----  ------    
     00000150  .reset    |    00000150  _reset    |    00000157  .code_sta
     000001B9  _exit     |    000001BD  _set_inte |    000001D1  .remove_V
     000001D1  _remove_V |    000001D4  .remove_i |    000001F1  .add_VBL 
     000001F1  _add_VBL  |    000001F4  .add_int 
ASxxxx Linker V03.00/V05.40 + sdld,  page 31.
Hexadecimal  [32-Bits]

Area                       Addr        Size        Decimal Bytes (Attributes)
--------------------       ----        ----        ------- ----- ------------
_HOME                  000024FF    0000089A =        2202. bytes (REL,CON)

        Value  Global            Value  Global            Value  Global    
        -----  ------            -----  ------            -----  ------    
     000024FF  .memset_s |    00002508  .memcpy_s |    00002525  .display_
     00002525  _display_ |    0000253D  _set_tile |    00002542  _set_bkg_
     00002542  _set_win_ |    0000254A  _set_spri |    0000257A  .padup   
     0000257A  _waitpadu |    0000258A  .jpad     |    0000258A  _joypad  
     000025B2  _waitpad  |    000025B3  .wait_pad |    000025BA  _set_bkg_
     000025CE  _font_loa |    000025D5  font_load |    0000261D  font_copy
     00002653  font_set  |    00002660  .put_char |    00002678  .out_char
     0000267E  .del_char |    000026D4  _putchar  |    000026DD  _setchar 
     000026E6  _font_loa |    000026F4  _font_set |    00002703  _font_ini
     00002722  .cls      |    00002722  _cls      |    00002744  _gotoxy  
     0000274F  _posx     |    00002760  _posy     |    00002788  .cr_curs 
     0000279D  .adv_curs |    000027F9  .tmode    |    00002816  .tmode_ou
     0000281F  _color    |    0000281F  _set_1bpp |    0000282E  .drawing_
     0000284B  _font_ibm |    00002C2C  .add_LCD  |    00002C2C  _add_LCD 
     00002C32  .remove_L |    00002C32  _remove_L |    00002C38  .set_xy_w
     00002C41  .set_xy_b |    00002C50  .set_xy_t |    00002C92  _uitoa   
     00002CA1  _itoa     |    00002CB0  .itoa     |    00002CC4  .utoa    
     00002D38  _set_bkg_ |    00002D38  _set_win_ |    00002D40  _set_spri
     00002D98  ___sdcc_c
ASxxxx Linker V03.00/V05.40 + sdld,  page 32.
Hexadecimal  [32-Bits]

Area                       Addr        Size        Decimal Bytes (Attributes)
--------------------       ----        ----        ------- ----- ------------
_INITIALIZER           00002D99    0000000C =          12. bytes (REL,CON)

        Value  Global            Value  Global            Value  Global    
        -----  ------            -----  ------            -----  ------    
     00002D99  Fmain$__x |    00002D9A  Fmain$__x |    00002D9B  Fmain$__x
     00002D9C  Fmain$__x |    00002D9D  Fmain$__x |    00002D9E  Fmain$__x
ASxxxx Linker V03.00/V05.40 + sdld,  page 33.
Hexadecimal  [32-Bits]

Area                       Addr        Size        Decimal Bytes (Attributes)
--------------------       ----        ----        ------- ----- ------------
_GSINIT                00002DA5    0000000C =          12. bytes (REL,CON)

        Value  Global            Value  Global            Value  Global    
        -----  ------            -----  ------            -----  ------    
     00002DA5  gsinit   
ASxxxx Linker V03.00/V05.40 + sdld,  page 34.
Hexadecimal  [32-Bits]

Area                       Addr        Size        Decimal Bytes (Attributes)
--------------------       ----        ----        ------- ----- ------------
_GSFINAL               00002DB1    00000001 =           1. bytes (REL,CON)

        Value  Global            Value  Global            Value  Global    
        -----  ------            -----  ------            -----  ------    
ASxxxx Linker V03.00/V05.40 + sdld,  page 35.
Hexadecimal  [32-Bits]

Area                       Addr        Size        Decimal Bytes (Attributes)
--------------------       ----        ----        ------- ----- ------------
_DATA                  0000C0A0    00000042 =          66. bytes (REL,CON)

        Value  Global            Value  Global            Value  Global    
        -----  ------            -----  ------            -----  ------    
     0000C0A0  __cpu     |    0000C0A1  __is_GBA  |    0000C0A2  .mode    
     0000C0A3  .sys_time |    0000C0A3  _sys_time |    0000C0A5  .int_0x40
     0000C0B1  G$player$ |    0000C0B1  _player   |    0000C0C4  font_curr
     0000C0C7  font_firs |    0000C0C8  font_tabl |    0000C0DA  .int_0x48
ASxxxx Linker V03.00/V05.40 + sdld,  page 36.
Hexadecimal  [32-Bits]

Area                       Addr        Size        Decimal Bytes (Attributes)
--------------------       ----        ----        ------- ----- ------------
_INITIALIZED           0000C0E2    0000000C =          12. bytes (REL,CON)

        Value  Global            Value  Global            Value  Global    
        -----  ------            -----  ------            -----  ------    
     0000C0E2  G$movemen |    0000C0E2  _movement |    0000C0E3  G$animati
     0000C0E3  _animatio |    0000C0E4  G$jumpFra |    0000C0E4  _jumpFram
     0000C0E5  G$lastMov |    0000C0E5  _lastMove |    0000C0E6  G$lastMov
     0000C0E6  _lastMove |    0000C0E7  G$slowing |    0000C0E7  _slowingX
     0000C0E8  .curx     |    0000C0E9  .cury     |    0000C0EA  .fg_colou
     0000C0EA  __current |    0000C0EB  .bg_colou |    0000C0EC  .draw_mod
     0000C0ED  __map_til
ASxxxx Linker V03.00/V05.40 + sdld,  page 37.
Hexadecimal  [32-Bits]

Area                       Addr        Size        Decimal Bytes (Attributes)
--------------------       ----        ----        ------- ----- ------------
_HRAM12                00000000    00000003 =           3. bytes (ABS,CON)

        Value  Global            Value  Global            Value  Global    
        -----  ------            -----  ------            -----  ------    
     0000FF90  __current |    0000FF92  __shadow_
ASxxxx Linker V03.00/V05.40 + sdld,  page 38.
Hexadecimal  [32-Bits]

Area                       Addr        Size        Decimal Bytes (Attributes)
--------------------       ----        ----        ------- ----- ------------
_FONT_HEADER0          00000000    00000003 =           3. bytes (ABS,CON)

        Value  Global            Value  Global            Value  Global    
        -----  ------            -----  ------            -----  ------    
ASxxxx Linker V03.00/V05.40 + sdld,  page 39.
Hexadecimal  [32-Bits]

Area                       Addr        Size        Decimal Bytes (Attributes)
--------------------       ----        ----        ------- ----- ------------
_HEADER_LCD0           00000000    00000003 =           3. bytes (ABS,CON)

        Value  Global            Value  Global            Value  Global    
        -----  ------            -----  ------            -----  ------    
ASxxxx Linker V03.00/V05.40 + sdld,  page 40.

Files Linked                              [ module(s) ]

C:\gbdk_dev\Resources\gbdk\lib/gb/crt0.o  [ Runtime ]
bin/Debug/SplashScreenSprite.o            [ SplashScreenSprite ]
bin/Debug/main.o                          [ main ]
bin/Debug/BlockSprite.o                   [ BlockSprite ]
bin/Debug/BirdSprite.o                    [ BirdSprite ]
bin/Debug/BackGroundSprite.o              [ BackGroundSprite ]


Libraries Linked                          [ object file ]

C:\gbdk_dev\Resources\gbdk\lib/gb/gb.lib  [ sfr.o ]
C:\gbdk_dev\Resources\gbdk\lib/gb/gb.lib  [ set_data.o ]
C:\gbdk_dev\Resources\gbdk\lib/sm83/sm83.lib
                                          [ mul.o ]
C:\gbdk_dev\Resources\gbdk\lib/gb/gb.lib  [ pad.o ]
C:\gbdk_dev\Resources\gbdk\lib/sm83/sm83.lib
                                          [ printf.o ]
C:\gbdk_dev\Resources\gbdk\lib/sm83/sm83.lib
                                          [ div.o ]
C:\gbdk_dev\Resources\gbdk\lib/gb/gb.lib  [ set_bk_t.o ]
C:\gbdk_dev\Resources\gbdk\lib/gb/gb.lib  [ font.o ]
C:\gbdk_dev\Resources\gbdk\lib/gb/gb.lib  [ color.o ]
C:\gbdk_dev\Resources\gbdk\lib/gb/gb.lib  [ drawing_isr.o ]
C:\gbdk_dev\Resources\gbdk\lib/gb/gb.lib  [ f_ibm_sh.o ]
C:\gbdk_dev\Resources\gbdk\lib/gb/gb.lib  [ lcd.o ]
C:\gbdk_dev\Resources\gbdk\lib/sm83/sm83.lib
                                          [ sprintf.o ]
C:\gbdk_dev\Resources\gbdk\lib/gb/gb.lib  [ set_xy_t.o ]
C:\gbdk_dev\Resources\gbdk\lib/sm83/sm83.lib
                                          [ itoa.o ]
C:\gbdk_dev\Resources\gbdk\lib/gb/gb.lib  [ set_1bit_data.o ]
C:\gbdk_dev\Resources\gbdk\lib/sm83/sm83.lib
                                          [ __sdcc_call_hl.o ]

ASxxxx Linker V03.00/V05.40 + sdld,  page 41.

User Base Address Definitions

_DATA=0xC0A0
_CODE=0x0200
ASxxxx Linker V03.00/V05.40 + sdld,  page 42.

User Global Definitions

_shadow_OAM=0xC000
.STACK=0xE000
.refresh_OAM=0xFF80

